
> multi-pool-time-locked-staking@1.0.0 test
> hardhat test --show-stack-traces --typecheck


